// Vitest Snapshot v1, https://vitest.dev/guide/snapshot.html

exports[`DOCX compiler > produces deterministic bytes for basic report 1`] = `"adcc027b097b004b01805aaeb82d27873d904ac38242db1fa37bae33978c809b"`;

exports[`DOCX compiler > produces deterministic bytes for table-heavy report 1`] = `"098c6f7ccc0a84eec01b45ec51bf5f4456d266b8264efcf12997b5de9540b96c"`;
